// Jest Snapshot v1, https://goo.gl/fbAQLP

exports[`markdown nav component matches a snapshot 1`] = `
<ul>
  <li>
    title
  </li>
</ul>
`;
